src/app/(dashboard)/admin/reports/extracurricular/page.tsx(6,28): error TS2307: Cannot find module '@/components/layout/PageHeader' or its corresponding type declarations.
src/app/(dashboard)/admin/reports/page.tsx(3,28): error TS2307: Cannot find module '@/components/layout/PageHeader' or its corresponding type declarations.
src/app/(dashboard)/admin/reports/pembina/page.tsx(3,28): error TS2307: Cannot find module '@/components/layout/PageHeader' or its corresponding type declarations.
src/app/(dashboard)/admin/reports/students/page.tsx(3,28): error TS2307: Cannot find module '@/components/layout/PageHeader' or its corresponding type declarations.
src/lib/admin/reporting-data.ts(3,3): error TS2305: Module '"@prisma/client"' has no exported member 'UserRole'.
src/lib/admin/reporting-data.ts(4,3): error TS2305: Module '"@prisma/client"' has no exported member 'ExtracurricularStatus'.
src/lib/admin/reporting-data.ts(5,3): error TS2305: Module '"@prisma/client"' has no exported member 'EnrollmentStatus'.
src/lib/admin/reporting-data.ts(6,3): error TS2305: Module '"@prisma/client"' has no exported member 'AttendanceStatus'.
